Bundled subsequent-run file (in new subdirectory).
