Bundled subsequent-run existing file (in existing subdirectory), expected.
